Microchip MPLAB XC8 PIC(R) Assembler V2.41

Linker command line:

-W-3 \
  --edf=C:/Users/juanm/.mchp_packs/Microchip/PIC16Fxxx_DFP/1.4.149/xc8\pic\dat\20230322214319_en.msgs \
  -cs \
  -h+dist/default/production\PIC-StepperMotorController.X.production.sym \
  --cmf=dist/default/production\PIC-StepperMotorController.X.production.cmf \
  -z -Q16F887 -oC:\Users\juanm\AppData\Local\Temp\xcAsbuk.\driver_tmp_3.o \
  -pRESET_VECT=0h -pINT_VECT=4h --fixupoverflow=error \
  -ver=XC8 PIC(R) Assembler --fixupoverflow=lstwarn \
  -Mdist/default/production/PIC-StepperMotorController.X.production.map -E1 \
  --acfsm=1493 -ACODE=00h-07FFhx4 -ASTRCODE=00h-01FFFh -ASTRING=00h-0FFhx32 \
  -ACONST=00h-0FFhx32 -AENTRY=00h-0FFhx32 -ACOMMON=070h-07Fh \
  -ABANK0=020h-06Fh -ABANK1=0A0h-0EFh -ABANK2=0110h-016Fh \
  -ABANK3=0190h-01EFh -ARAM=020h-06Fh,0A0h-0EFh,0110h-016Fh,0190h-01EFh \
  -AABS1=020h-07Fh,0A0h-0EFh,0110h-016Fh,0190h-01EFh -ASFR0=00h-01Fh \
  -ASFR1=080h-09Fh -ASFR2=0100h-010Fh -ASFR3=0180h-018Fh \
  -ACONFIG=02007h-02008h -DCONFIG=2 -AIDLOC=02000h-02003h -DIDLOC=2 \
  -AEEDATA=00h-0FFh/02100h -DEEDATA=2 -DCODE=2 -DSTRCODE=2 -DSTRING=2 \
  -DCONST=2 -DENTRY=2 build/default/production/Main.o 

Object code version is 3.11

Machine type is 16F887



                Name                               Link     Load   Length Selector   Space Scale
build/default/production/Main.o
                config                             2007     2007        2        0       4
                INT_VECT                              4        4       D3        8       0
                RESET_VECT                            0        0        1        0       0

TOTAL           Name                               Link     Load   Length     Space
        CLASS   CODE           
                INT_VECT                              4        4       D3         0
                RESET_VECT                            0        0        1         0

        CLASS   STRCODE        

        CLASS   STRING         

        CLASS   CONST          

        CLASS   ENTRY          

        CLASS   COMMON         

        CLASS   BANK0          

        CLASS   BANK1          

        CLASS   BANK2          

        CLASS   BANK3          

        CLASS   RAM            

        CLASS   ABS1           

        CLASS   SFR0           

        CLASS   SFR1           

        CLASS   SFR2           

        CLASS   SFR3           

        CLASS   CONFIG         
                config                             2007     2007        2         4

        CLASS   IDLOC          

        CLASS   EEDATA         



SEGMENTS        Name                           Load    Length   Top    Selector   Space  Class     Delta

                RESET_VECT                     000000  000001  000001         0       0  CODE        2
                INT_VECT                       000004  0000D3  0000D7         8       0  CODE        2


UNUSED ADDRESS RANGES

        Name                Unused          Largest block    Delta
        BANK0            0020-006F             50           1
        BANK1            00A0-00EF             50           1
        BANK2            0110-016F             60           1
        BANK3            0190-01EF             60           1
        CODE             0001-0003              3           2
                         00D7-1FFF            800
        COMMON           0070-007F             10           1
        CONST            0001-0003              3           2
                         00D7-1FFF            100
        EEDATA           2100-21FF            100           2
        ENTRY            0001-0003              3           2
                         00D7-1FFF            100
        IDLOC            2000-2003              4           2
        RAM              0020-006F             50           1
                         00A0-00EF             50
                         0110-016F             60
                         0190-01EF             60
        SFR0             0002-0007              6           1
        STRCODE          0001-0003              3           2
                         00D7-1FFF           1F29
        STRING           0001-0003              3           2
                         00D7-1FFF            100

                                  Symbol Table

__HINT_VECT     INT_VECT     00D7  __HRESET_VECT   RESET_VECT   0001
__H__absolute__ __absolute__ 0000  __Hcode         code         01AE
__Hconfig       config       2009  __Hdata         data         01AE
__Hedata        edata        01AE  __Hspace_0      (abs)        01AE
__Hspace_1      (abs)        0000  __Hspace_3      (abs)        0000
__Hspace_4      (abs)        4010  __Hudata        udata        01AE
__Hudata_bank0  udata_bank0  01AE  __Hudata_bank1  udata_bank1  01AE
__Hudata_bank2  udata_bank2  01AE  __Hudata_bank3  udata_bank3  01AE
__Hudata_shr    udata_shr    01AE  __LINT_VECT     INT_VECT     0004
__LRESET_VECT   RESET_VECT   0000  __L__absolute__ __absolute__ 0000
__Lcode         code         01AE  __Lconfig       config       0000
__Ldata         data         01AE  __Ledata        edata        01AE
__Lspace_0      (abs)        0000  __Lspace_1      (abs)        0000
__Lspace_3      (abs)        0000  __Lspace_4      (abs)        0000
__Ludata        udata        01AE  __Ludata_bank0  udata_bank0  01AE
__Ludata_bank1  udata_bank1  01AE  __Ludata_bank2  udata_bank2  01AE
__Ludata_bank3  udata_bank3  01AE  __Ludata_shr    udata_shr    01AE
__S0            (abs)        0000  __S1            (abs)        0000
__S3            (abs)        0000  
